#
# There is insufficient memory for the Java Runtime Environment to continue.
# Native memory allocation (mmap) failed to map 268435456 bytes. Error detail: G1 virtual space
# Possible reasons:
#   The system is out of physical RAM or swap space
#   This process is running with CompressedOops enabled, and the Java Heap may be blocking the growth of the native heap
# Possible solutions:
#   Reduce memory load on the system
#   Increase physical memory or swap space
#   Check if swap backing store is full
#   Decrease Java heap size (-Xmx/-Xms)
#   Decrease number of Java threads
#   Decrease Java thread stack sizes (-Xss)
#   Set larger code cache with -XX:ReservedCodeCacheSize=
#   JVM is running with Zero Based Compressed Oops mode in which the Java heap is
#     placed in the first 32GB address space. The Java Heap base address is the
#     maximum limit for the native heap growth. Please use -XX:HeapBaseMinAddress
#     to set the Java Heap base and to place the Java Heap above 32GB virtual address.
# This output file may be truncated or incomplete.
#
#  Out of Memory Error (os_windows.cpp:3926), pid=23948, tid=21380
#
# JRE version:  (21.0.10) (build )
# Java VM: OpenJDK 64-Bit Server VM (21.0.10+-14961533-b1163.108, mixed mode, sharing, tiered, compressed oops, compressed class ptrs, g1 gc, windows-amd64)
# No core dump will be written. Minidumps are not enabled by default on client versions of Windows
#

---------------  S U M M A R Y ------------

Command Line: git4idea.http.GitAskPassApp Username for 'https://github.com': 

Host: Intel(R) Core(TM) i5-10400F CPU @ 2.90GHz, 12 cores, 15G,  Windows 11 , 64 bit Build 26100 (10.0.26100.8737)
Time: Wed Jul  8 15:49:09 2026 elapsed time: 0.012638 seconds (0d 0h 0m 0s)

---------------  T H R E A D  ---------------

Current thread (0x0000029bf0cb19b0):  JavaThread "Unknown thread" [_thread_in_vm, id=21380, stack(0x000000ccc8d00000,0x000000ccc8e00000) (1024K)]

Stack: [0x000000ccc8d00000,0x000000ccc8e00000]
Native frames: (J=compiled Java code, j=interpreted, Vv=VM code, C=native code)
V  [jvm.dll+0x6d78a9]
V  [jvm.dll+0x8665b3]
V  [jvm.dll+0x868bde]
V  [jvm.dll+0x8692c3]
V  [jvm.dll+0x280ee6]
V  [jvm.dll+0x6d4165]
V  [jvm.dll+0x6c77fa]
V  [jvm.dll+0x358f4b]
V  [jvm.dll+0x360bc6]
V  [jvm.dll+0x3b2ea6]
V  [jvm.dll+0x3b3178]
V  [jvm.dll+0x32b65c]
V  [jvm.dll+0x32c34b]
V  [jvm.dll+0x82f449]
V  [jvm.dll+0x3c0078]
V  [jvm.dll+0x8185e8]
V  [jvm.dll+0x45449e]
V  [jvm.dll+0x455c01]
C  [jli.dll+0x52ab]
C  [ucrtbase.dll+0x2cd30]
C  [KERNEL32.DLL+0x2e957]
C  [ntdll.dll+0xaad6c]


---------------  P R O C E S S  ---------------

Threads class SMR info:
_java_thread_list=0x00007ff9f65cb9c8, length=0, elements={
}

Java Threads: ( => current thread )
Total: 0

Other Threads:
  0x0000029bf3011e60 WorkerThread "GC Thread#0"                     [id=6688, stack(0x000000ccc8e00000,0x000000ccc8f00000) (1024K)]
  0x0000029bf3022e30 ConcurrentGCThread "G1 Main Marker"            [id=22524, stack(0x000000ccc8f00000,0x000000ccc9000000) (1024K)]
  0x0000029bf30254d0 WorkerThread "G1 Conc#0"                       [id=20484, stack(0x000000ccc9000000,0x000000ccc9100000) (1024K)]

[error occurred during error reporting (printing all threads), id 0xc0000005, EXCEPTION_ACCESS_VIOLATION (0xc0000005) at pc=0x00007ff9f5dbe637]
VM state: not at safepoint (not fully initialized)

VM Mutex/Monitor currently owned by a thread:  ([mutex/lock_event])
[0x00007ff9f66387d0] Heap_lock - owner thread: 0x0000029bf0cb19b0

Heap address: 0x0000000701800000, size: 4072 MB, Compressed Oops mode: Zero based, Oop shift amount: 3

CDS archive(s) mapped at: [0x0000000000000000-0x0000000000000000-0x0000000000000000), size 0, SharedBaseAddress: 0x0000000800000000, ArchiveRelocationMode: 1.
Narrow klass base: 0x0000000000000000, Narrow klass shift: 0, Narrow klass range: 0x0

GC Precious Log:
 CardTable entry size: 512
 Card Set container configuration: InlinePtr #cards 4 size 8 Array Of Cards #cards 16 size 48 Howl #buckets 8 coarsen threshold 3686 Howl Bitmap #cards 512 size 80 coarsen threshold 460 Card regions per heap region 1 cards per card region 4096

Heap:
 garbage-first heap   total 0K, used 0K [0x0000000701800000, 0x0000000800000000)
  region size 2048K, 0 young (0K), 0 survivors (0K)
 Metaspace       used 0K, committed 0K, reserved 0K
  class space    used 0K, committed 0K, reserved 0K

Heap Regions: E=young(eden), S=young(survivor), O=old, HS=humongous(starts), HC=humongous(continues), CS=collection set, F=free, TAMS=top-at-mark-start, PB=parsable bottom

Card table byte_map: [0x0000029bf6e60000,0x0000029bf7660000] _byte_map_base: 0x0000029bf3654000

Marking Bits: (CMBitMap*) 0x0000029bf3012570
 Bits: [0x0000029bf7660000, 0x0000029bfb600000)

GC Heap History (0 events):
No events

Dll operation events (1 events):
Event: 0.008 Loaded shared library C:\Program Files\Android\Android Studio\jbr\bin\java.dll

Deoptimization events (0 events):
No events

Classes loaded (0 events):
No events

Classes unloaded (0 events):
No events

Classes redefined (0 events):
No events

Internal exceptions (0 events):
No events

ZGC Phase Switch (0 events):
No events

VM Operations (0 events):
No events

Memory protections (0 events):
No events

Nmethod flushes (0 events):
No events

Events (0 events):
No events


Dynamic libraries:
0x00007ff64e820000 - 0x00007ff64e82a000 	C:\Program Files\Android\Android Studio\jbr\bin\java.exe
0x00007ffa4cf40000 - 0x00007ffa4d1a6000 	C:\WINDOWS\SYSTEM32\ntdll.dll
0x00007ffa4b830000 - 0x00007ffa4b8f9000 	C:\WINDOWS\System32\KERNEL32.DLL
0x00007ffa4a6e0000 - 0x00007ffa4aae0000 	C:\WINDOWS\System32\KERNELBASE.dll
0x00007ffa4a400000 - 0x00007ffa4a54c000 	C:\WINDOWS\System32\ucrtbase.dll
0x00007ffa3e8f0000 - 0x00007ffa3e908000 	C:\Program Files\Android\Android Studio\jbr\bin\jli.dll
0x00007ffa38c20000 - 0x00007ffa38c3b000 	C:\Program Files\Android\Android Studio\jbr\bin\VCRUNTIME140.dll
0x00007ffa4c670000 - 0x00007ffa4c837000 	C:\WINDOWS\System32\USER32.dll
0x00007ffa37290000 - 0x00007ffa37522000 	C:\WINDOWS\WinSxS\amd64_microsoft.windows.common-controls_6595b64144ccf1df_6.0.26100.8737_none_3e092eaee333b772\COMCTL32.dll
0x00007ffa4a210000 - 0x00007ffa4a237000 	C:\WINDOWS\System32\win32u.dll
0x00007ffa4b3d0000 - 0x00007ffa4b479000 	C:\WINDOWS\System32\msvcrt.dll
0x00007ffa4bb90000 - 0x00007ffa4bbbb000 	C:\WINDOWS\System32\GDI32.dll
0x00007ffa4a2d0000 - 0x00007ffa4a3f9000 	C:\WINDOWS\System32\gdi32full.dll
0x00007ffa4a160000 - 0x00007ffa4a203000 	C:\WINDOWS\System32\msvcp_win.dll
0x00007ffa4bbc0000 - 0x00007ffa4bbf2000 	C:\WINDOWS\System32\IMM32.DLL
0x00007ffa436f0000 - 0x00007ffa436fc000 	C:\Program Files\Android\Android Studio\jbr\bin\vcruntime140_1.dll
0x00007ffa1de00000 - 0x00007ffa1de8d000 	C:\Program Files\Android\Android Studio\jbr\bin\msvcp140.dll
0x00007ff9f5a80000 - 0x00007ff9f6716000 	C:\Program Files\Android\Android Studio\jbr\bin\server\jvm.dll
0x00007ffa4c8f0000 - 0x00007ffa4c9a7000 	C:\WINDOWS\System32\ADVAPI32.dll
0x00007ffa4c840000 - 0x00007ffa4c8ea000 	C:\WINDOWS\System32\sechost.dll
0x00007ffa4b710000 - 0x00007ffa4b828000 	C:\WINDOWS\System32\RPCRT4.dll
0x00007ffa4ba70000 - 0x00007ffa4baf0000 	C:\WINDOWS\System32\WS2_32.dll
0x00007ffa49b60000 - 0x00007ffa49bbe000 	C:\WINDOWS\SYSTEM32\POWRPROF.dll
0x00007ffa41090000 - 0x00007ffa410c6000 	C:\WINDOWS\SYSTEM32\WINMM.dll
0x00007ffa436e0000 - 0x00007ffa436eb000 	C:\WINDOWS\SYSTEM32\VERSION.dll
0x00007ffa49b00000 - 0x00007ffa49b14000 	C:\WINDOWS\SYSTEM32\UMPDC.dll
0x00007ffa48e00000 - 0x00007ffa48e1b000 	C:\WINDOWS\SYSTEM32\kernel.appcore.dll
0x00007ffa3ca50000 - 0x00007ffa3ca5a000 	C:\Program Files\Android\Android Studio\jbr\bin\jimage.dll
0x00007ffa473e0000 - 0x00007ffa47622000 	C:\WINDOWS\SYSTEM32\DBGHELP.DLL
0x00007ffa4af10000 - 0x00007ffa4b293000 	C:\WINDOWS\System32\combase.dll
0x00007ffa4c3a0000 - 0x00007ffa4c479000 	C:\WINDOWS\System32\OLEAUT32.dll
0x00007ffa36c00000 - 0x00007ffa36c3b000 	C:\WINDOWS\SYSTEM32\dbgcore.DLL
0x00007ffa4a560000 - 0x00007ffa4a60c000 	C:\WINDOWS\System32\bcryptPrimitives.dll
0x00007ffa38ab0000 - 0x00007ffa38ad0000 	C:\Program Files\Android\Android Studio\jbr\bin\java.dll

JVMTI agents: none

dbghelp: loaded successfully - version: 4.0.5 - missing functions: none
symbol engine: initialized successfully - sym options: 0x614 - pdb path: .;C:\Program Files\Android\Android Studio\jbr\bin;C:\WINDOWS\SYSTEM32;C:\WINDOWS\WinSxS\amd64_microsoft.windows.common-controls_6595b64144ccf1df_6.0.26100.8737_none_3e092eaee333b772;C:\Program Files\Android\Android Studio\jbr\bin\server

VM Arguments:
java_command: git4idea.http.GitAskPassApp Username for 'https://github.com': 
java_class_path (initial): C:/Program Files/Android/Android Studio/plugins/vcs-git/lib/git4idea-rt.jar;C:/Program Files/Android/Android Studio/lib/externalProcess-rt.jar
Launcher Type: SUN_STANDARD

[Global flags]
     intx CICompilerCount                          = 4                                         {product} {ergonomic}
     uint ConcGCThreads                            = 3                                         {product} {ergonomic}
     uint G1ConcRefinementThreads                  = 10                                        {product} {ergonomic}
   size_t G1HeapRegionSize                         = 2097152                                   {product} {ergonomic}
    uintx GCDrainStackTargetSize                   = 64                                        {product} {ergonomic}
   size_t InitialHeapSize                          = 268435456                                 {product} {ergonomic}
   size_t MarkStackSize                            = 4194304                                   {product} {ergonomic}
   size_t MaxHeapSize                              = 4269801472                                {product} {ergonomic}
   size_t MinHeapDeltaBytes                        = 2097152                                   {product} {ergonomic}
   size_t MinHeapSize                              = 8388608                                   {product} {ergonomic}
    uintx NonNMethodCodeHeapSize                   = 5839372                                {pd product} {ergonomic}
    uintx NonProfiledCodeHeapSize                  = 122909434                              {pd product} {ergonomic}
    uintx ProfiledCodeHeapSize                     = 122909434                              {pd product} {ergonomic}
    uintx ReservedCodeCacheSize                    = 251658240                              {pd product} {ergonomic}
     bool SegmentedCodeCache                       = true                                      {product} {ergonomic}
   size_t SoftMaxHeapSize                          = 4269801472                             {manageable} {ergonomic}
     bool UseCompressedOops                        = true                           {product lp64_product} {ergonomic}
     bool UseG1GC                                  = true                                      {product} {ergonomic}
     bool UseLargePagesIndividualAllocation        = false                                  {pd product} {ergonomic}

Logging:
Log output configuration:
 #0: stdout all=warning uptime,level,tags foldmultilines=false
 #1: stderr all=off uptime,level,tags foldmultilines=false

Release file:
<release file has not been read>
Environment Variables:
PATH=E:\Git\mingw64\libexec\git-core;E:\Git\mingw64\libexec\git-core;E:\Git\mingw64\bin;E:\Git\usr\bin;C:\Users\John\bin;C:\WINDOWS\system32;C:\WINDOWS;C:\WINDOWS\System32\Wbem;C:\WINDOWS\System32\WindowsPowerShell\v1.0;C:\WINDOWS\System32\OpenSSH;C:\Program Files\dotnet;C:\Program Files\CMake\bin;D:\kf\mingw64\bin;D:\kf\android-ndk-r27d;D:\kf\platform-tools;D:\kf\arm-gnu-toolchain-15.2.rel1-mingw-w64-i686-aarch64-none-linux-gnu\bin;E:\Git\cmd;D:\Program Files\nodejs;C:\Program Files (x86)\Windows Kits\10\Windows Performance Toolkit;C:\Users\John\.cargo\bin;C:\WINDOWS\system32;C:\WINDOWS;C:\WINDOWS\System32\Wbem;C:\WINDOWS\System32\WindowsPowerShell\v1.0;C:\WINDOWS\System32\OpenSSH;C:\Program Files\dotnet;C:\Program Files\CMake\bin;D:\kf\mingw64\bin;D:\kf\android-ndk-r27d;D:\kf\platform-tools;D:\kf\arm-gnu-toolchain-15.2.rel1-mingw-w64-i686-aarch64-none-linux-gnu\bin;E:\Git\cmd;D:\Program Files\nodejs;C:\Program Files (x86)\Windows Kits\10\Windows Performance Toolkit;D:\mingw64\bin;C:\Users\John\AppData\Local\Microsoft\WindowsApps;C:\Users\John\AppData\Roaming\npm;C:\Users\John\AppData\Local\Python\bin;D:\Programs\Microsoft VS Code\bin
USERNAME=John
DISPLAY=:0.0
LC_ALL=en_US.UTF-8
TERM=xterm-256color
TMPDIR=C:\Users\John\AppData\Local\Temp
OS=Windows_NT
PROCESSOR_IDENTIFIER=Intel64 Family 6 Model 165 Stepping 3, GenuineIntel
TMP=C:\Users\John\AppData\Local\Temp
TEMP=C:\Users\John\AppData\Local\Temp




Periodic native trim disabled

JNI global refs:
JNI global refs: 0, weak refs: 0

JNI global refs memory usage: 0, weak refs: 0

Process memory usage:
Resident Set Size: 14620K (0% of 16670732K total physical memory with 2001376K free physical memory)

OOME stack traces (most recent first):
Classloader memory used:

---------------  S Y S T E M  ---------------

OS:
 Windows 11 , 64 bit Build 26100 (10.0.26100.8737)
OS uptime: 0 days 18:21 hours
Hyper-V role detected

CPU: total 12 (initial active 12) (6 cores per cpu, 2 threads per core) family 6 model 165 stepping 3 microcode 0xea, cx8, cmov, fxsr, ht, mmx, 3dnowpref, sse, sse2, sse3, ssse3, sse4.1, sse4.2, popcnt, lzcnt, tsc, tscinvbit, avx, avx2, aes, erms, clmul, bmi1, bmi2, adx, fma, vzeroupper, clflush, clflushopt, hv, rdtscp, f16c
Processor Information for the first 12 processors :
  Max Mhz: 2904, Current Mhz: 2904, Mhz Limit: 2904

Memory: 4k page, system-wide physical 16280M (1954M free)
TotalPageFile size 22764M (AvailPageFile size 87M)
current process WorkingSet (physical memory assigned to process): 14M, peak: 14M
current process commit charge ("private bytes"): 64M, peak: 320M

vm_info: OpenJDK 64-Bit Server VM (21.0.10+-14961533-b1163.108) for windows-amd64 JRE (21.0.10+-14961533-b1163.108), built on 2026-03-02T19:58:50Z by "builder" with MS VC++ 16.10 / 16.11 (VS2019)

END.
