#
# There is insufficient memory for the Java Runtime Environment to continue.
# Native memory allocation (malloc) failed to allocate 32744 bytes. Error detail: Chunk::new
# Possible reasons:
#   The system is out of physical RAM or swap space
#   This process is running with CompressedOops enabled, and the Java Heap may be blocking the growth of the native heap
# Possible solutions:
#   Reduce memory load on the system
#   Increase physical memory or swap space
#   Check if swap backing store is full
#   Decrease Java heap size (-Xmx/-Xms)
#   Decrease number of Java threads
#   Decrease Java thread stack sizes (-Xss)
#   Set larger code cache with -XX:ReservedCodeCacheSize=
#   JVM is running with Zero Based Compressed Oops mode in which the Java heap is
#     placed in the first 32GB address space. The Java Heap base address is the
#     maximum limit for the native heap growth. Please use -XX:HeapBaseMinAddress
#     to set the Java Heap base and to place the Java Heap above 32GB virtual address.
# This output file may be truncated or incomplete.
#
#  Out of Memory Error (arena.cpp:168), pid=21104, tid=23456
#
# JRE version: OpenJDK Runtime Environment (21.0.10) (build 21.0.10+-14961533-b1163.108)
# Java VM: OpenJDK 64-Bit Server VM (21.0.10+-14961533-b1163.108, mixed mode, tiered, compressed oops, compressed class ptrs, g1 gc, windows-amd64)
# No core dump will be written. Minidumps are not enabled by default on client versions of Windows
#

---------------  S U M M A R Y ------------

Command Line: git4idea.http.GitAskPassApp Username for 'https://github.com': 

Host: Intel(R) Core(TM) i5-10400F CPU @ 2.90GHz, 12 cores, 15G,  Windows 11 , 64 bit Build 26100 (10.0.26100.8737)
Time: Wed Jul  8 15:47:48 2026 elapsed time: 0.244959 seconds (0d 0h 0m 0s)

---------------  T H R E A D  ---------------

Current thread (0x000001fd796ea860):  JavaThread "C2 CompilerThread0" daemon [_thread_in_native, id=23456, stack(0x000000417ca00000,0x000000417cb00000) (1024K)]


Current CompileTask:
C2:245  441       4       java.lang.invoke.VarHandleGuards::guard_LI_I (78 bytes)

Stack: [0x000000417ca00000,0x000000417cb00000]
Native frames: (J=compiled Java code, j=interpreted, Vv=VM code, C=native code)
V  [jvm.dll+0x6d78a9]
V  [jvm.dll+0x8665b3]
V  [jvm.dll+0x868bde]
V  [jvm.dll+0x8692c3]
V  [jvm.dll+0x280ee6]
V  [jvm.dll+0xc07cd]
V  [jvm.dll+0xc0d03]
V  [jvm.dll+0x660ead]
V  [jvm.dll+0x66103b]
V  [jvm.dll+0x66103b]
V  [jvm.dll+0x667397]
V  [jvm.dll+0x668312]
V  [jvm.dll+0x6666fe]
V  [jvm.dll+0x249a4f]
V  [jvm.dll+0x2491a1]
V  [jvm.dll+0x1c76e4]
V  [jvm.dll+0x25891e]
V  [jvm.dll+0x256e66]
V  [jvm.dll+0x3f513e]
V  [jvm.dll+0x80fd28]
V  [jvm.dll+0x6d60fd]
C  [ucrtbase.dll+0x2cd30]
C  [KERNEL32.DLL+0x2e957]
C  [ntdll.dll+0xaad6c]


---------------  P R O C E S S  ---------------

Threads class SMR info:
_java_thread_list=0x000001fd7e170d10, length=14, elements={
0x000001fd5f1cf870, 0x000001fd79682d10, 0x000001fd796849e0, 0x000001fd796ae3f0,
0x000001fd796b48d0, 0x000001fd796df9d0, 0x000001fd796e0430, 0x000001fd796e14a0,
0x000001fd796ea860, 0x000001fd796f1200, 0x000001fd798adb00, 0x000001fd7e048850,
0x000001fd7e048ec0, 0x000001fd796f0b30
}

Java Threads: ( => current thread )
  0x000001fd5f1cf870 JavaThread "main"                              [_thread_blocked, id=4360, stack(0x000000417bb00000,0x000000417bc00000) (1024K)]
  0x000001fd79682d10 JavaThread "Common-Cleaner"             daemon [_thread_blocked, id=19736, stack(0x000000417c300000,0x000000417c400000) (1024K)]
  0x000001fd796849e0 JavaThread "Reference Handler"          daemon [_thread_blocked, id=2868, stack(0x000000417c400000,0x000000417c500000) (1024K)]
  0x000001fd796ae3f0 JavaThread "Finalizer"                  daemon [_thread_blocked, id=8420, stack(0x000000417c500000,0x000000417c600000) (1024K)]
  0x000001fd796b48d0 JavaThread "Signal Dispatcher"          daemon [_thread_blocked, id=22736, stack(0x000000417c600000,0x000000417c700000) (1024K)]
  0x000001fd796df9d0 JavaThread "Attach Listener"            daemon [_thread_blocked, id=23240, stack(0x000000417c700000,0x000000417c800000) (1024K)]
  0x000001fd796e0430 JavaThread "Service Thread"             daemon [_thread_blocked, id=22404, stack(0x000000417c800000,0x000000417c900000) (1024K)]
  0x000001fd796e14a0 JavaThread "Monitor Deflation Thread"   daemon [_thread_blocked, id=5564, stack(0x000000417c900000,0x000000417ca00000) (1024K)]
=>0x000001fd796ea860 JavaThread "C2 CompilerThread0"         daemon [_thread_in_native, id=23456, stack(0x000000417ca00000,0x000000417cb00000) (1024K)]
  0x000001fd796f1200 JavaThread "C1 CompilerThread0"         daemon [_thread_blocked, id=7744, stack(0x000000417cb00000,0x000000417cc00000) (1024K)]
  0x000001fd798adb00 JavaThread "Notification Thread"        daemon [_thread_blocked, id=9172, stack(0x000000417cc00000,0x000000417cd00000) (1024K)]
  0x000001fd7e048850 JavaThread "SeedGenerator Thread"       daemon [_thread_in_Java, id=7704, stack(0x000000417cd00000,0x000000417ce00000) (1024K)]
  0x000001fd7e048ec0 JavaThread "SeedGenerator Thread"       daemon [_thread_blocked, id=7068, stack(0x000000417ce00000,0x000000417cf00000) (1024K)]
  0x000001fd796f0b30 JavaThread "C2 CompilerThread1"         daemon [_thread_blocked, id=21724, stack(0x000000417cf00000,0x000000417d000000) (1024K)]
Total: 14

Other Threads:
  0x000001fd79604e60 VMThread "VM Thread"                           [id=10032, stack(0x000000417c200000,0x000000417c300000) (1024K)]
  0x000001fd78d17bc0 WatcherThread "VM Periodic Task Thread"        [id=20612, stack(0x000000417c100000,0x000000417c200000) (1024K)]
  0x000001fd5f230580 WorkerThread "GC Thread#0"                     [id=23412, stack(0x000000417bc00000,0x000000417bd00000) (1024K)]
  0x000001fd5f2413f0 ConcurrentGCThread "G1 Main Marker"            [id=19844, stack(0x000000417bd00000,0x000000417be00000) (1024K)]
  0x000001fd5f242060 WorkerThread "G1 Conc#0"                       [id=23840, stack(0x000000417be00000,0x000000417bf00000) (1024K)]
  0x000001fd5f28e060 ConcurrentGCThread "G1 Refine#0"               [id=6696, stack(0x000000417bf00000,0x000000417c000000) (1024K)]
  0x000001fd5f28e980 ConcurrentGCThread "G1 Service"                [id=6076, stack(0x000000417c000000,0x000000417c100000) (1024K)]
Total: 7

Threads with active compile tasks:
C2 CompilerThread0  261  441       4       java.lang.invoke.VarHandleGuards::guard_LI_I (78 bytes)
Total: 1

VM state: not at safepoint (normal execution)

VM Mutex/Monitor currently owned by a thread: None

Heap address: 0x0000000701800000, size: 4072 MB, Compressed Oops mode: Zero based, Oop shift amount: 3

CDS archive(s) not mapped
Compressed class space mapped at: 0x0000000800000000-0x0000000840000000, reserved size: 1073741824
Narrow klass base: 0x0000000800000000, Narrow klass shift: 0, Narrow klass range: 0x40000000

GC Precious Log:
 CardTable entry size: 512
 Card Set container configuration: InlinePtr #cards 4 size 8 Array Of Cards #cards 16 size 48 Howl #buckets 8 coarsen threshold 3686 Howl Bitmap #cards 512 size 80 coarsen threshold 460 Card regions per heap region 1 cards per card region 4096
 CPUs: 12 total, 12 available
 Memory: 16280M
 Large Page Support: Disabled
 NUMA Support: Disabled
 Compressed Oops: Enabled (Zero based)
 Heap Region Size: 2M
 Heap Min Capacity: 8M
 Heap Initial Capacity: 256M
 Heap Max Capacity: 4072M
 Pre-touch: Disabled
 Parallel Workers: 10
 Concurrent Workers: 3
 Concurrent Refinement Workers: 10
 Periodic GC: Disabled

Heap:
 garbage-first heap   total 262144K, used 6144K [0x0000000701800000, 0x0000000800000000)
  region size 2048K, 4 young (8192K), 0 survivors (0K)
 Metaspace       used 10326K, committed 10432K, reserved 1114112K
  class space    used 1004K, committed 1024K, reserved 1048576K

Heap Regions: E=young(eden), S=young(survivor), O=old, HS=humongous(starts), HC=humongous(continues), CS=collection set, F=free, TAMS=top-at-mark-start, PB=parsable bottom
|   0|0x0000000701800000, 0x0000000701800000, 0x0000000701a00000|  0%| F|  |TAMS 0x0000000701800000| PB 0x0000000701800000| Untracked 
|   1|0x0000000701a00000, 0x0000000701a00000, 0x0000000701c00000|  0%| F|  |TAMS 0x0000000701a00000| PB 0x0000000701a00000| Untracked 
|   2|0x0000000701c00000, 0x0000000701c00000, 0x0000000701e00000|  0%| F|  |TAMS 0x0000000701c00000| PB 0x0000000701c00000| Untracked 
|   3|0x0000000701e00000, 0x0000000701e00000, 0x0000000702000000|  0%| F|  |TAMS 0x0000000701e00000| PB 0x0000000701e00000| Untracked 
|   4|0x0000000702000000, 0x0000000702000000, 0x0000000702200000|  0%| F|  |TAMS 0x0000000702000000| PB 0x0000000702000000| Untracked 
|   5|0x0000000702200000, 0x0000000702200000, 0x0000000702400000|  0%| F|  |TAMS 0x0000000702200000| PB 0x0000000702200000| Untracked 
|   6|0x0000000702400000, 0x0000000702400000, 0x0000000702600000|  0%| F|  |TAMS 0x0000000702400000| PB 0x0000000702400000| Untracked 
|   7|0x0000000702600000, 0x0000000702600000, 0x0000000702800000|  0%| F|  |TAMS 0x0000000702600000| PB 0x0000000702600000| Untracked 
|   8|0x0000000702800000, 0x0000000702800000, 0x0000000702a00000|  0%| F|  |TAMS 0x0000000702800000| PB 0x0000000702800000| Untracked 
|   9|0x0000000702a00000, 0x0000000702a00000, 0x0000000702c00000|  0%| F|  |TAMS 0x0000000702a00000| PB 0x0000000702a00000| Untracked 
|  10|0x0000000702c00000, 0x0000000702c00000, 0x0000000702e00000|  0%| F|  |TAMS 0x0000000702c00000| PB 0x0000000702c00000| Untracked 
|  11|0x0000000702e00000, 0x0000000702e00000, 0x0000000703000000|  0%| F|  |TAMS 0x0000000702e00000| PB 0x0000000702e00000| Untracked 
|  12|0x0000000703000000, 0x0000000703000000, 0x0000000703200000|  0%| F|  |TAMS 0x0000000703000000| PB 0x0000000703000000| Untracked 
|  13|0x0000000703200000, 0x0000000703200000, 0x0000000703400000|  0%| F|  |TAMS 0x0000000703200000| PB 0x0000000703200000| Untracked 
|  14|0x0000000703400000, 0x0000000703400000, 0x0000000703600000|  0%| F|  |TAMS 0x0000000703400000| PB 0x0000000703400000| Untracked 
|  15|0x0000000703600000, 0x0000000703600000, 0x0000000703800000|  0%| F|  |TAMS 0x0000000703600000| PB 0x0000000703600000| Untracked 
|  16|0x0000000703800000, 0x0000000703800000, 0x0000000703a00000|  0%| F|  |TAMS 0x0000000703800000| PB 0x0000000703800000| Untracked 
|  17|0x0000000703a00000, 0x0000000703a00000, 0x0000000703c00000|  0%| F|  |TAMS 0x0000000703a00000| PB 0x0000000703a00000| Untracked 
|  18|0x0000000703c00000, 0x0000000703c00000, 0x0000000703e00000|  0%| F|  |TAMS 0x0000000703c00000| PB 0x0000000703c00000| Untracked 
|  19|0x0000000703e00000, 0x0000000703e00000, 0x0000000704000000|  0%| F|  |TAMS 0x0000000703e00000| PB 0x0000000703e00000| Untracked 
|  20|0x0000000704000000, 0x0000000704000000, 0x0000000704200000|  0%| F|  |TAMS 0x0000000704000000| PB 0x0000000704000000| Untracked 
|  21|0x0000000704200000, 0x0000000704200000, 0x0000000704400000|  0%| F|  |TAMS 0x0000000704200000| PB 0x0000000704200000| Untracked 
|  22|0x0000000704400000, 0x0000000704400000, 0x0000000704600000|  0%| F|  |TAMS 0x0000000704400000| PB 0x0000000704400000| Untracked 
|  23|0x0000000704600000, 0x0000000704600000, 0x0000000704800000|  0%| F|  |TAMS 0x0000000704600000| PB 0x0000000704600000| Untracked 
|  24|0x0000000704800000, 0x0000000704800000, 0x0000000704a00000|  0%| F|  |TAMS 0x0000000704800000| PB 0x0000000704800000| Untracked 
|  25|0x0000000704a00000, 0x0000000704a00000, 0x0000000704c00000|  0%| F|  |TAMS 0x0000000704a00000| PB 0x0000000704a00000| Untracked 
|  26|0x0000000704c00000, 0x0000000704c00000, 0x0000000704e00000|  0%| F|  |TAMS 0x0000000704c00000| PB 0x0000000704c00000| Untracked 
|  27|0x0000000704e00000, 0x0000000704e00000, 0x0000000705000000|  0%| F|  |TAMS 0x0000000704e00000| PB 0x0000000704e00000| Untracked 
|  28|0x0000000705000000, 0x0000000705000000, 0x0000000705200000|  0%| F|  |TAMS 0x0000000705000000| PB 0x0000000705000000| Untracked 
|  29|0x0000000705200000, 0x0000000705200000, 0x0000000705400000|  0%| F|  |TAMS 0x0000000705200000| PB 0x0000000705200000| Untracked 
|  30|0x0000000705400000, 0x0000000705400000, 0x0000000705600000|  0%| F|  |TAMS 0x0000000705400000| PB 0x0000000705400000| Untracked 
|  31|0x0000000705600000, 0x0000000705600000, 0x0000000705800000|  0%| F|  |TAMS 0x0000000705600000| PB 0x0000000705600000| Untracked 
|  32|0x0000000705800000, 0x0000000705800000, 0x0000000705a00000|  0%| F|  |TAMS 0x0000000705800000| PB 0x0000000705800000| Untracked 
|  33|0x0000000705a00000, 0x0000000705a00000, 0x0000000705c00000|  0%| F|  |TAMS 0x0000000705a00000| PB 0x0000000705a00000| Untracked 
|  34|0x0000000705c00000, 0x0000000705c00000, 0x0000000705e00000|  0%| F|  |TAMS 0x0000000705c00000| PB 0x0000000705c00000| Untracked 
|  35|0x0000000705e00000, 0x0000000705e00000, 0x0000000706000000|  0%| F|  |TAMS 0x0000000705e00000| PB 0x0000000705e00000| Untracked 
|  36|0x0000000706000000, 0x0000000706000000, 0x0000000706200000|  0%| F|  |TAMS 0x0000000706000000| PB 0x0000000706000000| Untracked 
|  37|0x0000000706200000, 0x0000000706200000, 0x0000000706400000|  0%| F|  |TAMS 0x0000000706200000| PB 0x0000000706200000| Untracked 
|  38|0x0000000706400000, 0x0000000706400000, 0x0000000706600000|  0%| F|  |TAMS 0x0000000706400000| PB 0x0000000706400000| Untracked 
|  39|0x0000000706600000, 0x0000000706600000, 0x0000000706800000|  0%| F|  |TAMS 0x0000000706600000| PB 0x0000000706600000| Untracked 
|  40|0x0000000706800000, 0x0000000706800000, 0x0000000706a00000|  0%| F|  |TAMS 0x0000000706800000| PB 0x0000000706800000| Untracked 
|  41|0x0000000706a00000, 0x0000000706a00000, 0x0000000706c00000|  0%| F|  |TAMS 0x0000000706a00000| PB 0x0000000706a00000| Untracked 
|  42|0x0000000706c00000, 0x0000000706c00000, 0x0000000706e00000|  0%| F|  |TAMS 0x0000000706c00000| PB 0x0000000706c00000| Untracked 
|  43|0x0000000706e00000, 0x0000000706e00000, 0x0000000707000000|  0%| F|  |TAMS 0x0000000706e00000| PB 0x0000000706e00000| Untracked 
|  44|0x0000000707000000, 0x0000000707000000, 0x0000000707200000|  0%| F|  |TAMS 0x0000000707000000| PB 0x0000000707000000| Untracked 
|  45|0x0000000707200000, 0x0000000707200000, 0x0000000707400000|  0%| F|  |TAMS 0x0000000707200000| PB 0x0000000707200000| Untracked 
|  46|0x0000000707400000, 0x0000000707400000, 0x0000000707600000|  0%| F|  |TAMS 0x0000000707400000| PB 0x0000000707400000| Untracked 
|  47|0x0000000707600000, 0x0000000707600000, 0x0000000707800000|  0%| F|  |TAMS 0x0000000707600000| PB 0x0000000707600000| Untracked 
|  48|0x0000000707800000, 0x0000000707800000, 0x0000000707a00000|  0%| F|  |TAMS 0x0000000707800000| PB 0x0000000707800000| Untracked 
|  49|0x0000000707a00000, 0x0000000707a00000, 0x0000000707c00000|  0%| F|  |TAMS 0x0000000707a00000| PB 0x0000000707a00000| Untracked 
|  50|0x0000000707c00000, 0x0000000707c00000, 0x0000000707e00000|  0%| F|  |TAMS 0x0000000707c00000| PB 0x0000000707c00000| Untracked 
|  51|0x0000000707e00000, 0x0000000707e00000, 0x0000000708000000|  0%| F|  |TAMS 0x0000000707e00000| PB 0x0000000707e00000| Untracked 
|  52|0x0000000708000000, 0x0000000708000000, 0x0000000708200000|  0%| F|  |TAMS 0x0000000708000000| PB 0x0000000708000000| Untracked 
|  53|0x0000000708200000, 0x0000000708200000, 0x0000000708400000|  0%| F|  |TAMS 0x0000000708200000| PB 0x0000000708200000| Untracked 
|  54|0x0000000708400000, 0x0000000708400000, 0x0000000708600000|  0%| F|  |TAMS 0x0000000708400000| PB 0x0000000708400000| Untracked 
|  55|0x0000000708600000, 0x0000000708600000, 0x0000000708800000|  0%| F|  |TAMS 0x0000000708600000| PB 0x0000000708600000| Untracked 
|  56|0x0000000708800000, 0x0000000708800000, 0x0000000708a00000|  0%| F|  |TAMS 0x0000000708800000| PB 0x0000000708800000| Untracked 
|  57|0x0000000708a00000, 0x0000000708a00000, 0x0000000708c00000|  0%| F|  |TAMS 0x0000000708a00000| PB 0x0000000708a00000| Untracked 
|  58|0x0000000708c00000, 0x0000000708c00000, 0x0000000708e00000|  0%| F|  |TAMS 0x0000000708c00000| PB 0x0000000708c00000| Untracked 
|  59|0x0000000708e00000, 0x0000000708e00000, 0x0000000709000000|  0%| F|  |TAMS 0x0000000708e00000| PB 0x0000000708e00000| Untracked 
|  60|0x0000000709000000, 0x0000000709000000, 0x0000000709200000|  0%| F|  |TAMS 0x0000000709000000| PB 0x0000000709000000| Untracked 
|  61|0x0000000709200000, 0x0000000709200000, 0x0000000709400000|  0%| F|  |TAMS 0x0000000709200000| PB 0x0000000709200000| Untracked 
|  62|0x0000000709400000, 0x0000000709400000, 0x0000000709600000|  0%| F|  |TAMS 0x0000000709400000| PB 0x0000000709400000| Untracked 
|  63|0x0000000709600000, 0x0000000709600000, 0x0000000709800000|  0%| F|  |TAMS 0x0000000709600000| PB 0x0000000709600000| Untracked 
|  64|0x0000000709800000, 0x0000000709800000, 0x0000000709a00000|  0%| F|  |TAMS 0x0000000709800000| PB 0x0000000709800000| Untracked 
|  65|0x0000000709a00000, 0x0000000709a00000, 0x0000000709c00000|  0%| F|  |TAMS 0x0000000709a00000| PB 0x0000000709a00000| Untracked 
|  66|0x0000000709c00000, 0x0000000709c00000, 0x0000000709e00000|  0%| F|  |TAMS 0x0000000709c00000| PB 0x0000000709c00000| Untracked 
|  67|0x0000000709e00000, 0x0000000709e00000, 0x000000070a000000|  0%| F|  |TAMS 0x0000000709e00000| PB 0x0000000709e00000| Untracked 
|  68|0x000000070a000000, 0x000000070a000000, 0x000000070a200000|  0%| F|  |TAMS 0x000000070a000000| PB 0x000000070a000000| Untracked 
|  69|0x000000070a200000, 0x000000070a200000, 0x000000070a400000|  0%| F|  |TAMS 0x000000070a200000| PB 0x000000070a200000| Untracked 
|  70|0x000000070a400000, 0x000000070a400000, 0x000000070a600000|  0%| F|  |TAMS 0x000000070a400000| PB 0x000000070a400000| Untracked 
|  71|0x000000070a600000, 0x000000070a600000, 0x000000070a800000|  0%| F|  |TAMS 0x000000070a600000| PB 0x000000070a600000| Untracked 
|  72|0x000000070a800000, 0x000000070a800000, 0x000000070aa00000|  0%| F|  |TAMS 0x000000070a800000| PB 0x000000070a800000| Untracked 
|  73|0x000000070aa00000, 0x000000070aa00000, 0x000000070ac00000|  0%| F|  |TAMS 0x000000070aa00000| PB 0x000000070aa00000| Untracked 
|  74|0x000000070ac00000, 0x000000070ac00000, 0x000000070ae00000|  0%| F|  |TAMS 0x000000070ac00000| PB 0x000000070ac00000| Untracked 
|  75|0x000000070ae00000, 0x000000070ae00000, 0x000000070b000000|  0%| F|  |TAMS 0x000000070ae00000| PB 0x000000070ae00000| Untracked 
|  76|0x000000070b000000, 0x000000070b000000, 0x000000070b200000|  0%| F|  |TAMS 0x000000070b000000| PB 0x000000070b000000| Untracked 
|  77|0x000000070b200000, 0x000000070b200000, 0x000000070b400000|  0%| F|  |TAMS 0x000000070b200000| PB 0x000000070b200000| Untracked 
|  78|0x000000070b400000, 0x000000070b400000, 0x000000070b600000|  0%| F|  |TAMS 0x000000070b400000| PB 0x000000070b400000| Untracked 
|  79|0x000000070b600000, 0x000000070b600000, 0x000000070b800000|  0%| F|  |TAMS 0x000000070b600000| PB 0x000000070b600000| Untracked 
|  80|0x000000070b800000, 0x000000070b800000, 0x000000070ba00000|  0%| F|  |TAMS 0x000000070b800000| PB 0x000000070b800000| Untracked 
|  81|0x000000070ba00000, 0x000000070ba00000, 0x000000070bc00000|  0%| F|  |TAMS 0x000000070ba00000| PB 0x000000070ba00000| Untracked 
|  82|0x000000070bc00000, 0x000000070bc00000, 0x000000070be00000|  0%| F|  |TAMS 0x000000070bc00000| PB 0x000000070bc00000| Untracked 
|  83|0x000000070be00000, 0x000000070be00000, 0x000000070c000000|  0%| F|  |TAMS 0x000000070be00000| PB 0x000000070be00000| Untracked 
|  84|0x000000070c000000, 0x000000070c000000, 0x000000070c200000|  0%| F|  |TAMS 0x000000070c000000| PB 0x000000070c000000| Untracked 
|  85|0x000000070c200000, 0x000000070c200000, 0x000000070c400000|  0%| F|  |TAMS 0x000000070c200000| PB 0x000000070c200000| Untracked 
|  86|0x000000070c400000, 0x000000070c400000, 0x000000070c600000|  0%| F|  |TAMS 0x000000070c400000| PB 0x000000070c400000| Untracked 
|  87|0x000000070c600000, 0x000000070c600000, 0x000000070c800000|  0%| F|  |TAMS 0x000000070c600000| PB 0x000000070c600000| Untracked 
|  88|0x000000070c800000, 0x000000070c800000, 0x000000070ca00000|  0%| F|  |TAMS 0x000000070c800000| PB 0x000000070c800000| Untracked 
|  89|0x000000070ca00000, 0x000000070ca00000, 0x000000070cc00000|  0%| F|  |TAMS 0x000000070ca00000| PB 0x000000070ca00000| Untracked 
|  90|0x000000070cc00000, 0x000000070cc00000, 0x000000070ce00000|  0%| F|  |TAMS 0x000000070cc00000| PB 0x000000070cc00000| Untracked 
|  91|0x000000070ce00000, 0x000000070ce00000, 0x000000070d000000|  0%| F|  |TAMS 0x000000070ce00000| PB 0x000000070ce00000| Untracked 
|  92|0x000000070d000000, 0x000000070d000000, 0x000000070d200000|  0%| F|  |TAMS 0x000000070d000000| PB 0x000000070d000000| Untracked 
|  93|0x000000070d200000, 0x000000070d200000, 0x000000070d400000|  0%| F|  |TAMS 0x000000070d200000| PB 0x000000070d200000| Untracked 
|  94|0x000000070d400000, 0x000000070d400000, 0x000000070d600000|  0%| F|  |TAMS 0x000000070d400000| PB 0x000000070d400000| Untracked 
|  95|0x000000070d600000, 0x000000070d600000, 0x000000070d800000|  0%| F|  |TAMS 0x000000070d600000| PB 0x000000070d600000| Untracked 
|  96|0x000000070d800000, 0x000000070d800000, 0x000000070da00000|  0%| F|  |TAMS 0x000000070d800000| PB 0x000000070d800000| Untracked 
|  97|0x000000070da00000, 0x000000070da00000, 0x000000070dc00000|  0%| F|  |TAMS 0x000000070da00000| PB 0x000000070da00000| Untracked 
|  98|0x000000070dc00000, 0x000000070dc00000, 0x000000070de00000|  0%| F|  |TAMS 0x000000070dc00000| PB 0x000000070dc00000| Untracked 
|  99|0x000000070de00000, 0x000000070de00000, 0x000000070e000000|  0%| F|  |TAMS 0x000000070de00000| PB 0x000000070de00000| Untracked 
| 100|0x000000070e000000, 0x000000070e000000, 0x000000070e200000|  0%| F|  |TAMS 0x000000070e000000| PB 0x000000070e000000| Untracked 
| 101|0x000000070e200000, 0x000000070e200000, 0x000000070e400000|  0%| F|  |TAMS 0x000000070e200000| PB 0x000000070e200000| Untracked 
| 102|0x000000070e400000, 0x000000070e400000, 0x000000070e600000|  0%| F|  |TAMS 0x000000070e400000| PB 0x000000070e400000| Untracked 
| 103|0x000000070e600000, 0x000000070e600000, 0x000000070e800000|  0%| F|  |TAMS 0x000000070e600000| PB 0x000000070e600000| Untracked 
| 104|0x000000070e800000, 0x000000070e800000, 0x000000070ea00000|  0%| F|  |TAMS 0x000000070e800000| PB 0x000000070e800000| Untracked 
| 105|0x000000070ea00000, 0x000000070ea00000, 0x000000070ec00000|  0%| F|  |TAMS 0x000000070ea00000| PB 0x000000070ea00000| Untracked 
| 106|0x000000070ec00000, 0x000000070ec00000, 0x000000070ee00000|  0%| F|  |TAMS 0x000000070ec00000| PB 0x000000070ec00000| Untracked 
| 107|0x000000070ee00000, 0x000000070ee00000, 0x000000070f000000|  0%| F|  |TAMS 0x000000070ee00000| PB 0x000000070ee00000| Untracked 
| 108|0x000000070f000000, 0x000000070f000000, 0x000000070f200000|  0%| F|  |TAMS 0x000000070f000000| PB 0x000000070f000000| Untracked 
| 109|0x000000070f200000, 0x000000070f200000, 0x000000070f400000|  0%| F|  |TAMS 0x000000070f200000| PB 0x000000070f200000| Untracked 
| 110|0x000000070f400000, 0x000000070f400000, 0x000000070f600000|  0%| F|  |TAMS 0x000000070f400000| PB 0x000000070f400000| Untracked 
| 111|0x000000070f600000, 0x000000070f600000, 0x000000070f800000|  0%| F|  |TAMS 0x000000070f600000| PB 0x000000070f600000| Untracked 
| 112|0x000000070f800000, 0x000000070f800000, 0x000000070fa00000|  0%| F|  |TAMS 0x000000070f800000| PB 0x000000070f800000| Untracked 
| 113|0x000000070fa00000, 0x000000070fa00000, 0x000000070fc00000|  0%| F|  |TAMS 0x000000070fa00000| PB 0x000000070fa00000| Untracked 
| 114|0x000000070fc00000, 0x000000070fc00000, 0x000000070fe00000|  0%| F|  |TAMS 0x000000070fc00000| PB 0x000000070fc00000| Untracked 
| 115|0x000000070fe00000, 0x000000070fe00000, 0x0000000710000000|  0%| F|  |TAMS 0x000000070fe00000| PB 0x000000070fe00000| Untracked 
| 116|0x0000000710000000, 0x0000000710000000, 0x0000000710200000|  0%| F|  |TAMS 0x0000000710000000| PB 0x0000000710000000| Untracked 
| 117|0x0000000710200000, 0x0000000710200000, 0x0000000710400000|  0%| F|  |TAMS 0x0000000710200000| PB 0x0000000710200000| Untracked 
| 118|0x0000000710400000, 0x0000000710400000, 0x0000000710600000|  0%| F|  |TAMS 0x0000000710400000| PB 0x0000000710400000| Untracked 
| 119|0x0000000710600000, 0x0000000710600000, 0x0000000710800000|  0%| F|  |TAMS 0x0000000710600000| PB 0x0000000710600000| Untracked 
| 120|0x0000000710800000, 0x0000000710800000, 0x0000000710a00000|  0%| F|  |TAMS 0x0000000710800000| PB 0x0000000710800000| Untracked 
| 121|0x0000000710a00000, 0x0000000710a00000, 0x0000000710c00000|  0%| F|  |TAMS 0x0000000710a00000| PB 0x0000000710a00000| Untracked 
| 122|0x0000000710c00000, 0x0000000710c00000, 0x0000000710e00000|  0%| F|  |TAMS 0x0000000710c00000| PB 0x0000000710c00000| Untracked 
| 123|0x0000000710e00000, 0x0000000710e00000, 0x0000000711000000|  0%| F|  |TAMS 0x0000000710e00000| PB 0x0000000710e00000| Untracked 
| 124|0x0000000711000000, 0x00000007110e14e0, 0x0000000711200000| 44%| E|  |TAMS 0x0000000711000000| PB 0x0000000711000000| Complete 
| 125|0x0000000711200000, 0x0000000711400000, 0x0000000711400000|100%| E|CS|TAMS 0x0000000711200000| PB 0x0000000711200000| Complete 
| 126|0x0000000711400000, 0x0000000711600000, 0x0000000711600000|100%| E|CS|TAMS 0x0000000711400000| PB 0x0000000711400000| Complete 
| 127|0x0000000711600000, 0x0000000711800000, 0x0000000711800000|100%| E|CS|TAMS 0x0000000711600000| PB 0x0000000711600000| Complete 

Card table byte_map: [0x000001fd72080000,0x000001fd72880000] _byte_map_base: 0x000001fd6e874000

Marking Bits: (CMBitMap*) 0x000001fd5f230c90
 Bits: [0x000001fd72880000, 0x000001fd76820000)

Polling page: 0x000001fd5d160000

Metaspace:

Usage:
  Non-class:      9.10 MB used.
      Class:   1004.13 KB used.
       Both:     10.08 MB used.

Virtual space:
  Non-class space:       64.00 MB reserved,       9.19 MB ( 14%) committed,  1 nodes.
      Class space:        1.00 GB reserved,       1.00 MB ( <1%) committed,  1 nodes.
             Both:        1.06 GB reserved,      10.19 MB ( <1%) committed. 

Chunk freelists:
   Non-Class:  6.46 MB
       Class:  15.00 MB
        Both:  21.46 MB

MaxMetaspaceSize: unlimited
CompressedClassSpaceSize: 1.00 GB
Initial GC threshold: 21.00 MB
Current GC threshold: 21.00 MB
CDS: off
 - commit_granule_bytes: 65536.
 - commit_granule_words: 8192.
 - virtual_space_node_default_size: 8388608.
 - enlarge_chunks_in_place: 1.
 - use_allocation_guard: 0.


Internal statistics:

num_allocs_failed_limit: 0.
num_arena_births: 18.
num_arena_deaths: 0.
num_vsnodes_births: 2.
num_vsnodes_deaths: 0.
num_space_committed: 163.
num_space_uncommitted: 0.
num_chunks_returned_to_freelist: 0.
num_chunks_taken_from_freelist: 57.
num_chunk_merges: 0.
num_chunk_splits: 26.
num_chunks_enlarged: 15.
num_inconsistent_stats: 0.

CodeHeap 'non-profiled nmethods': size=120000Kb used=139Kb max_used=139Kb free=119860Kb
 bounds [0x000001fd69e00000, 0x000001fd6a070000, 0x000001fd71330000]
CodeHeap 'profiled nmethods': size=120000Kb used=700Kb max_used=700Kb free=119299Kb
 bounds [0x000001fd62330000, 0x000001fd625a0000, 0x000001fd69860000]
CodeHeap 'non-nmethods': size=5760Kb used=1270Kb max_used=1286Kb free=4490Kb
 bounds [0x000001fd69860000, 0x000001fd69ad0000, 0x000001fd69e00000]
CodeCache: size=245760Kb, used=2109Kb, max_used=2125Kb, free=243649Kb
 total_blobs=927, nmethods=470, adapters=362, full_count=0
Compilation: enabled, stopped_count=0, restarted_count=0

Compilation events (20 events):
Event: 0.240 Thread 0x000001fd796f1200  427       3       jdk.internal.misc.Blocker::end (71 bytes)
Event: 0.240 Thread 0x000001fd796f1200 nmethod 427 0x000001fd623c1b10 code [0x000001fd623c1d00, 0x000001fd623c21c0]
Event: 0.240 Thread 0x000001fd796f1200  424       1       sun.nio.fs.WindowsPath::toString (5 bytes)
Event: 0.240 Thread 0x000001fd796f1200 nmethod 424 0x000001fd69e1ff10 code [0x000001fd69e200a0, 0x000001fd69e20170]
Event: 0.240 Thread 0x000001fd796f1200  428       1       java.nio.file.Files$AcceptAllFilter::accept (2 bytes)
Event: 0.240 Thread 0x000001fd796f1200 nmethod 428 0x000001fd69e20210 code [0x000001fd69e203a0, 0x000001fd69e20468]
Event: 0.240 Thread 0x000001fd796f1200  429       3       sun.nio.fs.WindowsPath::<init> (26 bytes)
Event: 0.240 Thread 0x000001fd796f1200 nmethod 429 0x000001fd623c2390 code [0x000001fd623c2540, 0x000001fd623c2838]
Event: 0.240 Thread 0x000001fd796f1200  430       3       java.lang.ref.WeakReference::<init> (6 bytes)
Event: 0.240 Thread 0x000001fd796f1200 nmethod 430 0x000001fd623c2910 code [0x000001fd623c2ae0, 0x000001fd623c2df8]
Event: 0.241 Thread 0x000001fd796f1200  431       3       sun.security.provider.SHA::implCompress (13 bytes)
Event: 0.241 Thread 0x000001fd796f1200 nmethod 431 0x000001fd623c2f10 code [0x000001fd623c3100, 0x000001fd623c3538]
Event: 0.241 Thread 0x000001fd796f1200  433       3       java.lang.StringCoding::hasNegatives (16 bytes)
Event: 0.241 Thread 0x000001fd796f1200 nmethod 433 0x000001fd623c3790 code [0x000001fd623c3940, 0x000001fd623c3be8]
Event: 0.241 Thread 0x000001fd796f1200  432       3       sun.security.provider.SHA::implCompressCheck (18 bytes)
Event: 0.241 Thread 0x000001fd796f1200 nmethod 432 0x000001fd623c3d10 code [0x000001fd623c3ee0, 0x000001fd623c4270]
Event: 0.241 Thread 0x000001fd796f1200  434       3       sun.nio.fs.WindowsPathParser::parse (504 bytes)
Event: 0.241 Thread 0x000001fd796ea860  440       4       jdk.internal.misc.Unsafe::getIntUnaligned (12 bytes)
Event: 0.242 Thread 0x000001fd796ea860 nmethod 440 0x000001fd69e20510 code [0x000001fd69e206a0, 0x000001fd69e20770]
Event: 0.242 Thread 0x000001fd796ea860  441       4       java.lang.invoke.VarHandleGuards::guard_LI_I (78 bytes)

GC Heap History (0 events):
No events

Dll operation events (2 events):
Event: 0.008 Loaded shared library C:\Program Files\Android\Android Studio\jbr\bin\java.dll
Event: 0.012 Loaded shared library C:\Program Files\Android\Android Studio\jbr\bin\zip.dll

Deoptimization events (2 events):
Event: 0.234 Thread 0x000001fd7e048850 DEOPT PACKING pc=0x000001fd623bc9d0 sp=0x000000417cdff540
Event: 0.234 Thread 0x000001fd7e048850 DEOPT UNPACKING pc=0x000001fd698b4bc2 sp=0x000000417cdfea60 mode 0

Classes loaded (20 events):
Event: 0.232 Loading class java/net/Inet4AddressImpl
Event: 0.232 Loading class java/net/Inet4AddressImpl done
Event: 0.232 Loading class java/net/spi/InetAddressResolver$LookupPolicy
Event: 0.232 Loading class java/net/spi/InetAddressResolver$LookupPolicy done
Event: 0.232 Loading class java/net/InetAddress$PlatformResolver
Event: 0.232 Loading class java/net/spi/InetAddressResolver
Event: 0.232 Loading class java/net/spi/InetAddressResolver done
Event: 0.232 Loading class java/net/InetAddress$PlatformResolver done
Event: 0.232 Loading class java/net/Inet4Address
Event: 0.232 Loading class java/net/Inet4Address done
Event: 0.232 Loading class java/net/Inet6Address
Event: 0.232 Loading class java/net/Inet6Address done
Event: 0.232 Loading class java/net/Inet6Address$Inet6AddressHolder
Event: 0.232 Loading class java/net/Inet6Address$Inet6AddressHolder done
Event: 0.232 Loading class java/net/DefaultInterface
Event: 0.233 Loading class java/net/DefaultInterface done
Event: 0.235 Loading class java/net/NetworkInterface$1
Event: 0.235 Loading class java/net/NetworkInterface$1 done
Event: 0.236 Loading class java/nio/file/Files$AcceptAllFilter
Event: 0.236 Loading class java/nio/file/Files$AcceptAllFilter done

Classes unloaded (0 events):
No events

Classes redefined (0 events):
No events

Internal exceptions (1 events):
Event: 0.185 Thread 0x000001fd5f1cf870 Exception <a 'sun/nio/fs/WindowsException'{0x0000000711235de0}> (0x0000000711235de0) 
thrown [s\src\hotspot\share\prims\jni.cpp, line 537]

ZGC Phase Switch (0 events):
No events

VM Operations (6 events):
Event: 0.097 Executing non-safepoint VM operation: HandshakeAllThreads (Deoptimize)
Event: 0.097 Executing non-safepoint VM operation: HandshakeAllThreads (Deoptimize) done
Event: 0.106 Executing non-safepoint VM operation: HandshakeAllThreads (Deoptimize)
Event: 0.106 Executing non-safepoint VM operation: HandshakeAllThreads (Deoptimize) done
Event: 0.231 Executing non-safepoint VM operation: HandshakeAllThreads (Deoptimize)
Event: 0.231 Executing non-safepoint VM operation: HandshakeAllThreads (Deoptimize) done

Memory protections (0 events):
No events

Nmethod flushes (0 events):
No events

Events (17 events):
Event: 0.011 Thread 0x000001fd5f1cf870 Thread added: 0x000001fd5f1cf870
Event: 0.046 Thread 0x000001fd5f1cf870 Thread added: 0x000001fd79682d10
Event: 0.052 Thread 0x000001fd5f1cf870 Thread added: 0x000001fd796849e0
Event: 0.052 Thread 0x000001fd5f1cf870 Thread added: 0x000001fd796ae3f0
Event: 0.053 Thread 0x000001fd5f1cf870 Thread added: 0x000001fd796b48d0
Event: 0.053 Thread 0x000001fd5f1cf870 Thread added: 0x000001fd796df9d0
Event: 0.053 Thread 0x000001fd5f1cf870 Thread added: 0x000001fd796e0430
Event: 0.053 Thread 0x000001fd5f1cf870 Thread added: 0x000001fd796e14a0
Event: 0.053 Thread 0x000001fd5f1cf870 Thread added: 0x000001fd796ea860
Event: 0.053 Thread 0x000001fd5f1cf870 Thread added: 0x000001fd796f1200
Event: 0.075 Thread 0x000001fd5f1cf870 Thread added: 0x000001fd798adb00
Event: 0.083 Loaded shared library C:\Program Files\Android\Android Studio\jbr\bin\net.dll
Event: 0.085 Loaded shared library C:\Program Files\Android\Android Studio\jbr\bin\nio.dll
Event: 0.092 Loaded shared library C:\Program Files\Android\Android Studio\jbr\bin\zip.dll
Event: 0.142 Loaded shared library C:\Program Files\Android\Android Studio\jbr\bin\jimage.dll
Event: 0.227 Thread 0x000001fd5f1cf870 Thread added: 0x000001fd7e048850
Event: 0.227 Thread 0x000001fd7e048850 Thread added: 0x000001fd7e048ec0


Dynamic libraries:
0x00007ff64e820000 - 0x00007ff64e82a000 	C:\Program Files\Android\Android Studio\jbr\bin\java.exe
0x00007ffa4cf40000 - 0x00007ffa4d1a6000 	C:\WINDOWS\SYSTEM32\ntdll.dll
0x00007ffa4b830000 - 0x00007ffa4b8f9000 	C:\WINDOWS\System32\KERNEL32.DLL
0x00007ffa4a6e0000 - 0x00007ffa4aae0000 	C:\WINDOWS\System32\KERNELBASE.dll
0x00007ffa4a400000 - 0x00007ffa4a54c000 	C:\WINDOWS\System32\ucrtbase.dll
0x00007ffa38c20000 - 0x00007ffa38c3b000 	C:\Program Files\Android\Android Studio\jbr\bin\VCRUNTIME140.dll
0x00007ffa3e8f0000 - 0x00007ffa3e908000 	C:\Program Files\Android\Android Studio\jbr\bin\jli.dll
0x00007ffa4c670000 - 0x00007ffa4c837000 	C:\WINDOWS\System32\USER32.dll
0x00007ffa37290000 - 0x00007ffa37522000 	C:\WINDOWS\WinSxS\amd64_microsoft.windows.common-controls_6595b64144ccf1df_6.0.26100.8737_none_3e092eaee333b772\COMCTL32.dll
0x00007ffa4a210000 - 0x00007ffa4a237000 	C:\WINDOWS\System32\win32u.dll
0x00007ffa4b3d0000 - 0x00007ffa4b479000 	C:\WINDOWS\System32\msvcrt.dll
0x00007ffa4bb90000 - 0x00007ffa4bbbb000 	C:\WINDOWS\System32\GDI32.dll
0x00007ffa4a2d0000 - 0x00007ffa4a3f9000 	C:\WINDOWS\System32\gdi32full.dll
0x00007ffa4a160000 - 0x00007ffa4a203000 	C:\WINDOWS\System32\msvcp_win.dll
0x00007ffa4bbc0000 - 0x00007ffa4bbf2000 	C:\WINDOWS\System32\IMM32.DLL
0x00007ffa436f0000 - 0x00007ffa436fc000 	C:\Program Files\Android\Android Studio\jbr\bin\vcruntime140_1.dll
0x00007ffa1de00000 - 0x00007ffa1de8d000 	C:\Program Files\Android\Android Studio\jbr\bin\msvcp140.dll
0x00007ff9f5a80000 - 0x00007ff9f6716000 	C:\Program Files\Android\Android Studio\jbr\bin\server\jvm.dll
0x00007ffa4c8f0000 - 0x00007ffa4c9a7000 	C:\WINDOWS\System32\ADVAPI32.dll
0x00007ffa4c840000 - 0x00007ffa4c8ea000 	C:\WINDOWS\System32\sechost.dll
0x00007ffa4b710000 - 0x00007ffa4b828000 	C:\WINDOWS\System32\RPCRT4.dll
0x00007ffa4ba70000 - 0x00007ffa4baf0000 	C:\WINDOWS\System32\WS2_32.dll
0x00007ffa49b60000 - 0x00007ffa49bbe000 	C:\WINDOWS\SYSTEM32\POWRPROF.dll
0x00007ffa41090000 - 0x00007ffa410c6000 	C:\WINDOWS\SYSTEM32\WINMM.dll
0x00007ffa436e0000 - 0x00007ffa436eb000 	C:\WINDOWS\SYSTEM32\VERSION.dll
0x00007ffa49b00000 - 0x00007ffa49b14000 	C:\WINDOWS\SYSTEM32\UMPDC.dll
0x00007ffa48e00000 - 0x00007ffa48e1b000 	C:\WINDOWS\SYSTEM32\kernel.appcore.dll
0x00007ffa3ca50000 - 0x00007ffa3ca5a000 	C:\Program Files\Android\Android Studio\jbr\bin\jimage.dll
0x00007ffa473e0000 - 0x00007ffa47622000 	C:\WINDOWS\SYSTEM32\DBGHELP.DLL
0x00007ffa4af10000 - 0x00007ffa4b293000 	C:\WINDOWS\System32\combase.dll
0x00007ffa4c3a0000 - 0x00007ffa4c479000 	C:\WINDOWS\System32\OLEAUT32.dll
0x00007ffa36c00000 - 0x00007ffa36c3b000 	C:\WINDOWS\SYSTEM32\dbgcore.DLL
0x00007ffa4a560000 - 0x00007ffa4a60c000 	C:\WINDOWS\System32\bcryptPrimitives.dll
0x00007ffa38ab0000 - 0x00007ffa38ad0000 	C:\Program Files\Android\Android Studio\jbr\bin\java.dll
0x00007ffa38a60000 - 0x00007ffa38a78000 	C:\Program Files\Android\Android Studio\jbr\bin\zip.dll
0x00007ffa4bc00000 - 0x00007ffa4c392000 	C:\WINDOWS\System32\SHELL32.dll
0x00007ffa47be0000 - 0x00007ffa48472000 	C:\WINDOWS\SYSTEM32\windows.storage.dll
0x00007ffa4b2d0000 - 0x00007ffa4b3c7000 	C:\WINDOWS\System32\SHCORE.dll
0x00007ffa4c4e0000 - 0x00007ffa4c547000 	C:\WINDOWS\System32\shlwapi.dll
0x00007ffa4a080000 - 0x00007ffa4a0a9000 	C:\WINDOWS\SYSTEM32\profapi.dll
0x00007ffa3c980000 - 0x00007ffa3c990000 	C:\Program Files\Android\Android Studio\jbr\bin\net.dll
0x00007ffa42db0000 - 0x00007ffa42ed9000 	C:\WINDOWS\SYSTEM32\WINHTTP.dll
0x00007ffa49390000 - 0x00007ffa493fc000 	C:\WINDOWS\system32\mswsock.dll
0x00007ffa37e40000 - 0x00007ffa37e56000 	C:\Program Files\Android\Android Studio\jbr\bin\nio.dll
0x00007ffa497c0000 - 0x00007ffa497db000 	C:\WINDOWS\SYSTEM32\CRYPTSP.dll
0x00007ffa48d60000 - 0x00007ffa48d99000 	C:\WINDOWS\system32\rsaenh.dll
0x00007ffa49450000 - 0x00007ffa49482000 	C:\WINDOWS\SYSTEM32\USERENV.dll
0x00007ffa4a050000 - 0x00007ffa4a07a000 	C:\WINDOWS\SYSTEM32\bcrypt.dll
0x00007ffa48800000 - 0x00007ffa48833000 	C:\WINDOWS\SYSTEM32\IPHLPAPI.DLL
0x00007ffa4b680000 - 0x00007ffa4b68a000 	C:\WINDOWS\System32\NSI.dll

JVMTI agents: none

dbghelp: loaded successfully - version: 4.0.5 - missing functions: none
symbol engine: initialized successfully - sym options: 0x614 - pdb path: .;C:\Program Files\Android\Android Studio\jbr\bin;C:\WINDOWS\SYSTEM32;C:\WINDOWS\WinSxS\amd64_microsoft.windows.common-controls_6595b64144ccf1df_6.0.26100.8737_none_3e092eaee333b772;C:\Program Files\Android\Android Studio\jbr\bin\server

VM Arguments:
java_command: git4idea.http.GitAskPassApp Username for 'https://github.com': 
java_class_path (initial): C:/Program Files/Android/Android Studio/plugins/vcs-git/lib/git4idea-rt.jar;C:/Program Files/Android/Android Studio/lib/externalProcess-rt.jar
Launcher Type: SUN_STANDARD

[Global flags]
     intx CICompilerCount                          = 4                                         {product} {ergonomic}
     uint ConcGCThreads                            = 3                                         {product} {ergonomic}
     uint G1ConcRefinementThreads                  = 10                                        {product} {ergonomic}
   size_t G1HeapRegionSize                         = 2097152                                   {product} {ergonomic}
    uintx GCDrainStackTargetSize                   = 64                                        {product} {ergonomic}
   size_t InitialHeapSize                          = 268435456                                 {product} {ergonomic}
   size_t MarkStackSize                            = 4194304                                   {product} {ergonomic}
   size_t MaxHeapSize                              = 4269801472                                {product} {ergonomic}
   size_t MaxNewSize                               = 2560622592                                {product} {ergonomic}
   size_t MinHeapDeltaBytes                        = 2097152                                   {product} {ergonomic}
   size_t MinHeapSize                              = 8388608                                   {product} {ergonomic}
    uintx NonNMethodCodeHeapSize                   = 5839372                                {pd product} {ergonomic}
    uintx NonProfiledCodeHeapSize                  = 122909434                              {pd product} {ergonomic}
    uintx ProfiledCodeHeapSize                     = 122909434                              {pd product} {ergonomic}
    uintx ReservedCodeCacheSize                    = 251658240                              {pd product} {ergonomic}
     bool SegmentedCodeCache                       = true                                      {product} {ergonomic}
   size_t SoftMaxHeapSize                          = 4269801472                             {manageable} {ergonomic}
     bool UseCompressedOops                        = true                           {product lp64_product} {ergonomic}
     bool UseG1GC                                  = true                                      {product} {ergonomic}
     bool UseLargePagesIndividualAllocation        = false                                  {pd product} {ergonomic}

Logging:
Log output configuration:
 #0: stdout all=warning uptime,level,tags foldmultilines=false
 #1: stderr all=off uptime,level,tags foldmultilines=false

Release file:
JAVA_VERSION="21.0.10" 
MODULES="java.base java.compiler java.datatransfer java.xml java.prefs java.desktop java.instrument java.logging java.management java.security.sasl java.naming java.rmi java.management.rmi java.net.http java.scripting java.security.jgss java.transaction.xa java.sql java.sql.rowset java.xml.crypto java.se java.smartcardio jdk.accessibility jdk.internal.jvmstat jdk.attach jdk.charsets jdk.internal.opt jdk.zipfs jdk.compiler jdk.crypto.ec jdk.crypto.cryptoki jdk.dynalink jdk.hotspot.agent jdk.httpserver jdk.internal.ed jdk.internal.le jdk.internal.vm.ci jdk.jartool jdk.javadoc jdk.jcmd jdk.jdeps jdk.jdwp.agent jdk.jdi jdk.jfr jdk.jlink jdk.jsobject jdk.localedata jdk.management jdk.management.agent jdk.management.jfr jdk.naming.dns jdk.naming.rmi jdk.net jdk.sctp jdk.security.auth jdk.security.jgss jdk.unsupported jdk.unsupported.desktop jdk.xml.dom" 
IMPLEMENTOR="JetBrains s.r.o." 
JAVA_RUNTIME_VERSION="21.0.10+-14961533-b1163.108" 
LIBC="default" 
OS_ARCH="x86_64" 
OS_NAME="Windows" 
SOURCE=".:git:1351622c2ff2" 

Environment Variables:
PATH=E:\Git\mingw64\libexec\git-core;E:\Git\mingw64\libexec\git-core;E:\Git\mingw64\bin;E:\Git\usr\bin;C:\Users\John\bin;C:\WINDOWS\system32;C:\WINDOWS;C:\WINDOWS\System32\Wbem;C:\WINDOWS\System32\WindowsPowerShell\v1.0;C:\WINDOWS\System32\OpenSSH;C:\Program Files\dotnet;C:\Program Files\CMake\bin;D:\kf\mingw64\bin;D:\kf\android-ndk-r27d;D:\kf\platform-tools;D:\kf\arm-gnu-toolchain-15.2.rel1-mingw-w64-i686-aarch64-none-linux-gnu\bin;E:\Git\cmd;D:\Program Files\nodejs;C:\Program Files (x86)\Windows Kits\10\Windows Performance Toolkit;C:\Users\John\.cargo\bin;C:\WINDOWS\system32;C:\WINDOWS;C:\WINDOWS\System32\Wbem;C:\WINDOWS\System32\WindowsPowerShell\v1.0;C:\WINDOWS\System32\OpenSSH;C:\Program Files\dotnet;C:\Program Files\CMake\bin;D:\kf\mingw64\bin;D:\kf\android-ndk-r27d;D:\kf\platform-tools;D:\kf\arm-gnu-toolchain-15.2.rel1-mingw-w64-i686-aarch64-none-linux-gnu\bin;E:\Git\cmd;D:\Program Files\nodejs;C:\Program Files (x86)\Windows Kits\10\Windows Performance Toolkit;D:\mingw64\bin;C:\Users\John\AppData\Local\Microsoft\WindowsApps;C:\Users\John\AppData\Roaming\npm;C:\Users\John\AppData\Local\Python\bin;D:\Programs\Microsoft VS Code\bin
USERNAME=John
DISPLAY=:0.0
LC_ALL=en_US.UTF-8
TERM=xterm-256color
TMPDIR=C:\Users\John\AppData\Local\Temp
OS=Windows_NT
PROCESSOR_IDENTIFIER=Intel64 Family 6 Model 165 Stepping 3, GenuineIntel
TMP=C:\Users\John\AppData\Local\Temp
TEMP=C:\Users\John\AppData\Local\Temp




Periodic native trim disabled

JNI global refs:
JNI global refs: 19, weak refs: 0

JNI global refs memory usage: 835, weak refs: 201

Process memory usage:
Resident Set Size: 57328K (0% of 16670732K total physical memory with 2266416K free physical memory)

OOME stack traces (most recent first):
Classloader memory used:
Loader bootstrap                                                                       : 10161K
Loader jdk.internal.loader.ClassLoaders$PlatformClassLoader                            : 137K
Loader jdk.internal.loader.ClassLoaders$AppClassLoader                                 : 28032B

---------------  S Y S T E M  ---------------

OS:
 Windows 11 , 64 bit Build 26100 (10.0.26100.8737)
OS uptime: 0 days 18:20 hours
Hyper-V role detected

CPU: total 12 (initial active 12) (6 cores per cpu, 2 threads per core) family 6 model 165 stepping 3 microcode 0xea, cx8, cmov, fxsr, ht, mmx, 3dnowpref, sse, sse2, sse3, ssse3, sse4.1, sse4.2, popcnt, lzcnt, tsc, tscinvbit, avx, avx2, aes, erms, clmul, bmi1, bmi2, adx, fma, vzeroupper, clflush, clflushopt, hv, rdtscp, f16c
Processor Information for the first 12 processors :
  Max Mhz: 2904, Current Mhz: 2904, Mhz Limit: 2904

Memory: 4k page, system-wide physical 16280M (2213M free)
TotalPageFile size 22764M (AvailPageFile size 3M)
current process WorkingSet (physical memory assigned to process): 56M, peak: 56M
current process commit charge ("private bytes"): 348M, peak: 350M

vm_info: OpenJDK 64-Bit Server VM (21.0.10+-14961533-b1163.108) for windows-amd64 JRE (21.0.10+-14961533-b1163.108), built on 2026-03-02T19:58:50Z by "builder" with MS VC++ 16.10 / 16.11 (VS2019)

END.
